// Jest Snapshot v1, https://goo.gl/fbAQLP

exports[`rendering tests renders correctly 1`] = `
<div
  className="row"
>
  <div
    className="col-12"
  >
    <p>
       
      undefined don't forget the component B
       
    </p>
    <p>
       
      undefined don't forget the component B
       
    </p>
    <p>
       
      undefined don't forget the component B
       
    </p>
    <p>
       
      undefined don't forget the component B
       
    </p>
    <p>
       
      undefined don't forget the component B
       
    </p>
    <p>
       
      undefined don't forget the component B
       
    </p>
    <p>
       
      undefined don't forget the component B
       
    </p>
    <p>
       
      undefined don't forget the component B
       
    </p>
    <p>
       
      undefined don't forget the component B
       
    </p>
  </div>
</div>
`;
